
Processing cells:   0%|          | 0/46 [00:00<?, ?it/s]
Processing cells:   2%|▏         | 1/46 [00:05<03:54,  5.21s/it]
Processing cells:   4%|▍         | 2/46 [00:10<03:51,  5.26s/it]
Processing cells:   7%|▋         | 3/46 [00:15<03:44,  5.22s/it]
Processing cells:   9%|▊         | 4/46 [00:21<03:42,  5.29s/it]
Processing cells:  11%|█         | 5/46 [00:26<03:37,  5.31s/it]
Processing cells:  13%|█▎        | 6/46 [00:31<03:25,  5.13s/it]
Processing cells:  15%|█▌        | 7/46 [00:34<02:50,  4.37s/it]
Processing cells:  17%|█▋        | 8/46 [00:37<02:38,  4.18s/it]
Processing cells:  20%|█▉        | 9/46 [00:41<02:32,  4.11s/it]
Processing cells:  22%|██▏       | 10/46 [00:46<02:32,  4.25s/it]
Processing cells:  24%|██▍       | 11/46 [00:50<02:26,  4.18s/it]
Processing cells:  26%|██▌       | 12/46 [00:53<02:14,  3.97s/it]
Processing cells:  28%|██▊       | 13/46 [00:57<02:10,  3.96s/it]
Processing cells:  30%|███       | 14/46 [01:01<02:07,  3.98s/it]
Processing cells:  33%|███▎      | 15/46 [01:05<02:01,  3.93s/it]
Processing cells:  35%|███▍      | 16/46 [01:08<01:50,  3.68s/it]
Processing cells:  37%|███▋      | 17/46 [01:12<01:47,  3.72s/it]
Processing cells:  39%|███▉      | 18/46 [01:16<01:44,  3.72s/it]
Processing cells:  41%|████▏     | 19/46 [01:19<01:35,  3.54s/it]
Processing cells:  43%|████▎     | 20/46 [01:22<01:31,  3.54s/it]
Processing cells:  46%|████▌     | 21/46 [01:25<01:19,  3.19s/it]
Processing cells:  48%|████▊     | 22/46 [01:27<01:11,  2.98s/it]
Processing cells:  50%|█████     | 23/46 [01:31<01:15,  3.27s/it]
Processing cells:  52%|█████▏    | 24/46 [01:36<01:19,  3.63s/it]
Processing cells:  54%|█████▍    | 25/46 [01:40<01:22,  3.92s/it]
Processing cells:  57%|█████▋    | 26/46 [01:44<01:17,  3.87s/it]
Processing cells:  59%|█████▊    | 27/46 [01:48<01:13,  3.87s/it]
Processing cells:  61%|██████    | 28/46 [01:52<01:09,  3.86s/it]
Processing cells:  63%|██████▎   | 29/46 [01:56<01:05,  3.84s/it]
Processing cells:  65%|██████▌   | 30/46 [02:00<01:02,  3.91s/it]
Processing cells:  67%|██████▋   | 31/46 [02:03<00:55,  3.70s/it]
Processing cells:  70%|██████▉   | 32/46 [02:07<00:52,  3.76s/it]
Processing cells:  72%|███████▏  | 33/46 [02:10<00:46,  3.61s/it]
Processing cells:  74%|███████▍  | 34/46 [02:13<00:42,  3.54s/it]
Processing cells:  76%|███████▌  | 35/46 [02:17<00:38,  3.48s/it]
Processing cells:  78%|███████▊  | 36/46 [02:20<00:33,  3.38s/it]
Processing cells:  80%|████████  | 37/46 [02:23<00:29,  3.30s/it]
Processing cells:  83%|████████▎ | 38/46 [02:26<00:25,  3.18s/it]
Processing cells:  85%|████████▍ | 39/46 [02:29<00:21,  3.06s/it]
Processing cells:  87%|████████▋ | 40/46 [02:31<00:18,  3.00s/it]
Processing cells:  89%|████████▉ | 41/46 [02:36<00:17,  3.41s/it]
Processing cells:  91%|█████████▏| 42/46 [02:40<00:15,  3.79s/it]
Processing cells:  93%|█████████▎| 43/46 [02:44<00:10,  3.58s/it]
Processing cells:  96%|█████████▌| 44/46 [02:47<00:06,  3.40s/it]
Processing cells:  98%|█████████▊| 45/46 [02:49<00:03,  3.23s/it]
Processing cells: 100%|██████████| 46/46 [02:52<00:00,  3.06s/it]
                                                                 

Processing cells:   0%|          | 0/48 [00:00<?, ?it/s]
Processing cells:   2%|▏         | 1/48 [00:01<01:17,  1.66s/it]
Processing cells:   4%|▍         | 2/48 [00:02<00:56,  1.23s/it]
Processing cells:   6%|▋         | 3/48 [00:04<01:16,  1.71s/it]
Processing cells:   8%|▊         | 4/48 [00:06<01:18,  1.78s/it]
Processing cells:  10%|█         | 5/48 [00:09<01:25,  1.99s/it]
Processing cells:  12%|█▎        | 6/48 [00:11<01:29,  2.14s/it]
Processing cells:  15%|█▍        | 7/48 [00:14<01:35,  2.34s/it]
Processing cells:  17%|█▋        | 8/48 [00:17<01:41,  2.54s/it]
Processing cells:  19%|█▉        | 9/48 [00:21<02:00,  3.10s/it]
Processing cells:  21%|██        | 10/48 [00:26<02:16,  3.58s/it]
Processing cells:  23%|██▎       | 11/48 [00:29<02:04,  3.37s/it]
Processing cells:  25%|██▌       | 12/48 [00:31<01:51,  3.09s/it]
Processing cells:  27%|██▋       | 13/48 [00:33<01:40,  2.88s/it]
Processing cells:  29%|██▉       | 14/48 [00:36<01:36,  2.83s/it]
Processing cells:  31%|███▏      | 15/48 [00:39<01:30,  2.74s/it]
Processing cells:  33%|███▎      | 16/48 [00:40<01:10,  2.22s/it]
Processing cells:  35%|███▌      | 17/48 [00:42<01:08,  2.22s/it]
Processing cells:  38%|███▊      | 18/48 [00:45<01:09,  2.33s/it]
Processing cells:  40%|███▉      | 19/48 [00:47<01:10,  2.43s/it]
Processing cells:  42%|████▏     | 20/48 [00:50<01:08,  2.45s/it]
Processing cells:  44%|████▍     | 21/48 [00:52<01:06,  2.48s/it]
Processing cells:  46%|████▌     | 22/48 [00:55<01:04,  2.50s/it]
Processing cells:  48%|████▊     | 23/48 [00:57<01:03,  2.54s/it]
Processing cells:  50%|█████     | 24/48 [01:00<01:03,  2.64s/it]
Processing cells:  52%|█████▏    | 25/48 [01:03<00:59,  2.59s/it]
Processing cells:  54%|█████▍    | 26/48 [01:05<00:55,  2.50s/it]
Processing cells:  56%|█████▋    | 27/48 [01:07<00:51,  2.46s/it]
Processing cells:  58%|█████▊    | 28/48 [01:10<00:49,  2.45s/it]
Processing cells:  60%|██████    | 29/48 [01:13<00:47,  2.51s/it]
Processing cells:  62%|██████▎   | 30/48 [01:15<00:45,  2.51s/it]
Processing cells:  65%|██████▍   | 31/48 [01:18<00:42,  2.50s/it]
Processing cells:  67%|██████▋   | 32/48 [01:20<00:40,  2.50s/it]
Processing cells:  69%|██████▉   | 33/48 [01:23<00:37,  2.52s/it]
Processing cells:  71%|███████   | 34/48 [01:25<00:35,  2.54s/it]
Processing cells:  73%|███████▎  | 35/48 [01:28<00:32,  2.52s/it]
Processing cells:  75%|███████▌  | 36/48 [01:30<00:29,  2.45s/it]
Processing cells:  77%|███████▋  | 37/48 [01:33<00:27,  2.53s/it]
Processing cells:  79%|███████▉  | 38/48 [01:35<00:24,  2.50s/it]
Processing cells:  81%|████████▏ | 39/48 [01:37<00:22,  2.46s/it]
Processing cells:  83%|████████▎ | 40/48 [01:40<00:19,  2.41s/it]
Processing cells:  85%|████████▌ | 41/48 [01:42<00:17,  2.49s/it]
Processing cells:  88%|████████▊ | 42/48 [01:45<00:14,  2.44s/it]
Processing cells:  90%|████████▉ | 43/48 [01:47<00:12,  2.46s/it]
Processing cells:  92%|█████████▏| 44/48 [01:50<00:09,  2.46s/it]
Processing cells:  94%|█████████▍| 45/48 [01:52<00:07,  2.44s/it]
Processing cells:  96%|█████████▌| 46/48 [01:55<00:04,  2.47s/it]
Processing cells:  98%|█████████▊| 47/48 [01:57<00:02,  2.43s/it]
Processing cells: 100%|██████████| 48/48 [02:01<00:00,  2.83s/it]
                                                                 
