
Reading train data:   0%|          | 0/41 [00:00<?, ?it/s]
Reading train data:   2%|▏         | 1/41 [00:01<00:43,  1.08s/it]
Reading train data:   5%|▍         | 2/41 [00:02<00:44,  1.15s/it]
Reading train data:   7%|▋         | 3/41 [00:02<00:33,  1.15it/s]
Reading train data:  10%|▉         | 4/41 [00:03<00:27,  1.37it/s]
Reading train data:  12%|█▏        | 5/41 [00:03<00:22,  1.62it/s]
Reading train data:  15%|█▍        | 6/41 [00:04<00:20,  1.70it/s]
Reading train data:  17%|█▋        | 7/41 [00:04<00:17,  1.91it/s]
Reading train data:  20%|█▉        | 8/41 [00:05<00:15,  2.10it/s]
Reading train data:  22%|██▏       | 9/41 [00:05<00:13,  2.35it/s]
Reading train data:  24%|██▍       | 10/41 [00:06<00:16,  1.91it/s]
Reading train data:  27%|██▋       | 11/41 [00:06<00:15,  1.96it/s]
Reading train data:  29%|██▉       | 12/41 [00:06<00:13,  2.08it/s]
Reading train data:  32%|███▏      | 13/41 [00:07<00:12,  2.20it/s]
Reading train data:  34%|███▍      | 14/41 [00:07<00:12,  2.11it/s]
Reading train data:  37%|███▋      | 15/41 [00:08<00:10,  2.47it/s]
Reading train data:  39%|███▉      | 16/41 [00:08<00:08,  2.83it/s]
Reading train data:  41%|████▏     | 17/41 [00:08<00:07,  3.25it/s]
Reading train data:  44%|████▍     | 18/41 [00:08<00:07,  3.12it/s]
Reading train data:  46%|████▋     | 19/41 [00:09<00:07,  2.98it/s]
Reading train data:  49%|████▉     | 20/41 [00:09<00:06,  3.43it/s]
Reading train data:  51%|█████     | 21/41 [00:09<00:04,  4.02it/s]
Reading train data:  54%|█████▎    | 22/41 [00:09<00:04,  4.33it/s]
Reading train data:  56%|█████▌    | 23/41 [00:10<00:03,  4.53it/s]
Reading train data:  59%|█████▊    | 24/41 [00:10<00:03,  4.34it/s]
Reading train data:  61%|██████    | 25/41 [00:10<00:04,  3.82it/s]
Reading train data:  63%|██████▎   | 26/41 [00:10<00:03,  4.01it/s]
Reading train data:  66%|██████▌   | 27/41 [00:11<00:03,  4.24it/s]
Reading train data:  68%|██████▊   | 28/41 [00:11<00:02,  4.37it/s]
Reading train data:  71%|███████   | 29/41 [00:11<00:02,  4.40it/s]
Reading train data:  73%|███████▎  | 30/41 [00:11<00:02,  4.38it/s]
Reading train data:  76%|███████▌  | 31/41 [00:12<00:02,  3.80it/s]
Reading train data:  78%|███████▊  | 32/41 [00:12<00:02,  4.08it/s]
Reading train data:  80%|████████  | 33/41 [00:12<00:01,  4.29it/s]
Reading train data:  83%|████████▎ | 34/41 [00:12<00:01,  4.40it/s]
Reading train data:  85%|████████▌ | 35/41 [00:12<00:01,  4.46it/s]
Reading train data:  88%|████████▊ | 36/41 [00:13<00:01,  4.68it/s]
Reading train data:  90%|█████████ | 37/41 [00:13<00:01,  3.96it/s]
Reading train data:  93%|█████████▎| 38/41 [00:13<00:00,  4.32it/s]
Reading train data:  95%|█████████▌| 39/41 [00:13<00:00,  4.47it/s]
Reading train data:  98%|█████████▊| 40/41 [00:14<00:00,  4.61it/s]
Reading train data: 100%|██████████| 41/41 [00:14<00:00,  4.69it/s]
Reading train data: 100%|██████████| 41/41 [00:14<00:00,  2.88it/s]

Reading test data:   0%|          | 0/42 [00:00<?, ?it/s]
Reading test data:   2%|▏         | 1/42 [00:00<00:34,  1.20it/s]
Reading test data:   5%|▍         | 2/42 [00:01<00:31,  1.26it/s]
Reading test data:   7%|▋         | 3/42 [00:02<00:30,  1.29it/s]
Reading test data:  10%|▉         | 4/42 [00:02<00:21,  1.81it/s]
Reading test data:  12%|█▏        | 5/42 [00:02<00:17,  2.07it/s]
Reading test data:  14%|█▍        | 6/42 [00:03<00:16,  2.17it/s]
Reading test data:  17%|█▋        | 7/42 [00:03<00:14,  2.48it/s]
Reading test data:  19%|█▉        | 8/42 [00:03<00:12,  2.78it/s]
Reading test data:  21%|██▏       | 9/42 [00:04<00:09,  3.33it/s]
Reading test data:  24%|██▍       | 10/42 [00:04<00:10,  3.20it/s]
Reading test data:  26%|██▌       | 11/42 [00:07<00:32,  1.06s/it]
Reading test data:  29%|██▊       | 12/42 [00:07<00:24,  1.21it/s]
Reading test data:  31%|███       | 13/42 [00:07<00:19,  1.50it/s]
Reading test data:  33%|███▎      | 14/42 [00:08<00:15,  1.81it/s]
Reading test data:  36%|███▌      | 15/42 [00:08<00:15,  1.72it/s]
Reading test data:  38%|███▊      | 16/42 [00:09<00:14,  1.80it/s]
Reading test data:  40%|████      | 17/42 [00:09<00:13,  1.89it/s]
Reading test data:  43%|████▎     | 18/42 [00:10<00:11,  2.03it/s]
Reading test data:  45%|████▌     | 19/42 [00:10<00:10,  2.17it/s]
Reading test data:  48%|████▊     | 20/42 [00:10<00:09,  2.33it/s]
Reading test data:  50%|█████     | 21/42 [00:10<00:07,  2.80it/s]
Reading test data:  52%|█████▏    | 22/42 [00:11<00:06,  3.29it/s]
Reading test data:  55%|█████▍    | 23/42 [00:11<00:05,  3.66it/s]
Reading test data:  57%|█████▋    | 24/42 [00:11<00:04,  3.80it/s]
Reading test data:  60%|█████▉    | 25/42 [00:11<00:04,  4.06it/s]
Reading test data:  62%|██████▏   | 26/42 [00:12<00:04,  3.72it/s]
Reading test data:  64%|██████▍   | 27/42 [00:12<00:03,  3.98it/s]
Reading test data:  67%|██████▋   | 28/42 [00:12<00:03,  4.24it/s]
Reading test data:  69%|██████▉   | 29/42 [00:12<00:02,  4.38it/s]
Reading test data:  71%|███████▏  | 30/42 [00:12<00:02,  4.60it/s]
Reading test data:  74%|███████▍  | 31/42 [00:13<00:02,  4.84it/s]
Reading test data:  76%|███████▌  | 32/42 [00:13<00:02,  4.01it/s]
Reading test data:  79%|███████▊  | 33/42 [00:13<00:02,  4.26it/s]
Reading test data:  81%|████████  | 34/42 [00:13<00:01,  4.43it/s]
Reading test data:  83%|████████▎ | 35/42 [00:14<00:01,  4.59it/s]
Reading test data:  86%|████████▌ | 36/42 [00:14<00:01,  4.56it/s]
Reading test data:  88%|████████▊ | 37/42 [00:14<00:01,  4.72it/s]
Reading test data:  90%|█████████ | 38/42 [00:14<00:01,  3.87it/s]
Reading test data:  93%|█████████▎| 39/42 [00:15<00:00,  4.06it/s]
Reading test data:  95%|█████████▌| 40/42 [00:15<00:00,  4.20it/s]
Reading test data:  98%|█████████▊| 41/42 [00:15<00:00,  4.32it/s]
Reading test data: 100%|██████████| 42/42 [00:15<00:00,  3.52it/s]
Reading test data: 100%|██████████| 42/42 [00:15<00:00,  2.64it/s]

Extracting features:   0%|          | 0/41 [00:00<?, ?it/s]
Extracting features:   2%|▏         | 1/41 [00:06<04:31,  6.79s/it]
Extracting features: 100%|██████████| 41/41 [00:06<00:00,  6.02it/s]

Extracting features:   0%|          | 0/42 [00:00<?, ?it/s]
Extracting features: 100%|██████████| 42/42 [00:00<00:00, 2032.80it/s]
