
Reading train data:   0%|          | 0/41 [00:00<?, ?it/s]
Reading train data:   2%|▏         | 1/41 [00:00<00:26,  1.48it/s]
Reading train data:   5%|▍         | 2/41 [00:01<00:31,  1.23it/s]
Reading train data:   7%|▋         | 3/41 [00:01<00:22,  1.69it/s]
Reading train data:  10%|▉         | 4/41 [00:02<00:17,  2.16it/s]
Reading train data:  12%|█▏        | 5/41 [00:02<00:13,  2.59it/s]
Reading train data:  15%|█▍        | 6/41 [00:02<00:13,  2.60it/s]
Reading train data:  17%|█▋        | 7/41 [00:03<00:11,  2.89it/s]
Reading train data:  20%|█▉        | 8/41 [00:03<00:10,  3.19it/s]
Reading train data:  22%|██▏       | 9/41 [00:03<00:08,  3.73it/s]
Reading train data:  24%|██▍       | 10/41 [00:03<00:10,  3.07it/s]
Reading train data:  27%|██▋       | 11/41 [00:04<00:09,  3.23it/s]
Reading train data:  29%|██▉       | 12/41 [00:04<00:08,  3.36it/s]
Reading train data:  32%|███▏      | 13/41 [00:04<00:07,  3.65it/s]
Reading train data:  34%|███▍      | 14/41 [00:05<00:08,  3.29it/s]
Reading train data:  37%|███▋      | 15/41 [00:05<00:07,  3.54it/s]
Reading train data:  39%|███▉      | 16/41 [00:05<00:06,  3.77it/s]
Reading train data:  41%|████▏     | 17/41 [00:05<00:05,  4.11it/s]
Reading train data:  44%|████▍     | 18/41 [00:06<00:06,  3.81it/s]
Reading train data:  46%|████▋     | 19/41 [00:06<00:06,  3.45it/s]
Reading train data:  49%|████▉     | 20/41 [00:06<00:05,  3.86it/s]
Reading train data:  51%|█████     | 21/41 [00:06<00:04,  4.45it/s]
Reading train data:  54%|█████▎    | 22/41 [00:06<00:03,  4.78it/s]
Reading train data:  56%|█████▌    | 23/41 [00:07<00:03,  4.99it/s]
Reading train data:  59%|█████▊    | 24/41 [00:07<00:03,  4.74it/s]
Reading train data:  61%|██████    | 25/41 [00:07<00:03,  4.14it/s]
Reading train data:  63%|██████▎   | 26/41 [00:07<00:03,  4.32it/s]
Reading train data:  66%|██████▌   | 27/41 [00:08<00:03,  4.55it/s]
Reading train data:  68%|██████▊   | 28/41 [00:08<00:02,  4.72it/s]
Reading train data:  71%|███████   | 29/41 [00:08<00:02,  4.88it/s]
Reading train data:  73%|███████▎  | 30/41 [00:08<00:02,  4.84it/s]
Reading train data:  76%|███████▌  | 31/41 [00:08<00:02,  4.17it/s]
Reading train data:  78%|███████▊  | 32/41 [00:09<00:02,  4.50it/s]
Reading train data:  80%|████████  | 33/41 [00:09<00:01,  4.73it/s]
Reading train data:  83%|████████▎ | 34/41 [00:09<00:01,  4.91it/s]
Reading train data:  85%|████████▌ | 35/41 [00:09<00:01,  5.00it/s]
Reading train data:  88%|████████▊ | 36/41 [00:09<00:00,  5.21it/s]
Reading train data:  90%|█████████ | 37/41 [00:10<00:00,  4.39it/s]
Reading train data:  93%|█████████▎| 38/41 [00:10<00:00,  4.75it/s]
Reading train data:  95%|█████████▌| 39/41 [00:10<00:00,  4.89it/s]
Reading train data:  98%|█████████▊| 40/41 [00:10<00:00,  5.00it/s]
Reading train data: 100%|██████████| 41/41 [00:10<00:00,  5.06it/s]
Reading train data: 100%|██████████| 41/41 [00:10<00:00,  3.76it/s]

Reading test data:   0%|          | 0/42 [00:00<?, ?it/s]
Reading test data:   2%|▏         | 1/42 [00:00<00:31,  1.31it/s]
Reading test data:   5%|▍         | 2/42 [00:01<00:28,  1.39it/s]
Reading test data:   7%|▋         | 3/42 [00:02<00:27,  1.42it/s]
Reading test data:  10%|▉         | 4/42 [00:02<00:19,  1.99it/s]
Reading test data:  12%|█▏        | 5/42 [00:02<00:16,  2.28it/s]
Reading test data:  14%|█▍        | 6/42 [00:03<00:15,  2.39it/s]
Reading test data:  17%|█▋        | 7/42 [00:03<00:12,  2.72it/s]
Reading test data:  19%|█▉        | 8/42 [00:03<00:11,  3.05it/s]
Reading test data:  21%|██▏       | 9/42 [00:03<00:09,  3.64it/s]
Reading test data:  24%|██▍       | 10/42 [00:04<00:09,  3.49it/s]
Reading test data:  26%|██▌       | 11/42 [00:06<00:30,  1.01it/s]
Reading test data:  29%|██▊       | 12/42 [00:06<00:23,  1.30it/s]
Reading test data:  31%|███       | 13/42 [00:07<00:17,  1.61it/s]
Reading test data:  33%|███▎      | 14/42 [00:07<00:14,  1.94it/s]
Reading test data:  36%|███▌      | 15/42 [00:07<00:12,  2.11it/s]
Reading test data:  38%|███▊      | 16/42 [00:08<00:10,  2.51it/s]
Reading test data:  40%|████      | 17/42 [00:08<00:08,  2.94it/s]
Reading test data:  43%|████▎     | 18/42 [00:08<00:07,  3.39it/s]
Reading test data:  45%|████▌     | 19/42 [00:08<00:06,  3.30it/s]
Reading test data:  48%|████▊     | 20/42 [00:09<00:06,  3.22it/s]
Reading test data:  50%|█████     | 21/42 [00:09<00:05,  3.72it/s]
Reading test data:  52%|█████▏    | 22/42 [00:09<00:04,  4.22it/s]
Reading test data:  55%|█████▍    | 23/42 [00:09<00:04,  4.54it/s]
Reading test data:  57%|█████▋    | 24/42 [00:09<00:03,  4.55it/s]
Reading test data:  60%|█████▉    | 25/42 [00:10<00:04,  3.98it/s]
Reading test data:  62%|██████▏   | 26/42 [00:10<00:03,  4.32it/s]
Reading test data:  64%|██████▍   | 27/42 [00:10<00:03,  4.47it/s]
Reading test data:  67%|██████▋   | 28/42 [00:10<00:03,  4.58it/s]
Reading test data:  69%|██████▉   | 29/42 [00:10<00:02,  4.66it/s]
Reading test data:  71%|███████▏  | 30/42 [00:11<00:02,  4.84it/s]
Reading test data:  74%|███████▍  | 31/42 [00:11<00:02,  4.04it/s]
Reading test data:  76%|███████▌  | 32/42 [00:11<00:02,  4.24it/s]
Reading test data:  79%|███████▊  | 33/42 [00:11<00:02,  4.48it/s]
Reading test data:  81%|████████  | 34/42 [00:12<00:01,  4.58it/s]
Reading test data:  83%|████████▎ | 35/42 [00:12<00:01,  4.70it/s]
Reading test data:  86%|████████▌ | 36/42 [00:12<00:01,  4.65it/s]
Reading test data:  88%|████████▊ | 37/42 [00:12<00:01,  3.91it/s]
Reading test data:  90%|█████████ | 38/42 [00:13<00:00,  4.08it/s]
Reading test data:  93%|█████████▎| 39/42 [00:13<00:00,  4.28it/s]
Reading test data:  95%|█████████▌| 40/42 [00:13<00:00,  4.43it/s]
Reading test data:  98%|█████████▊| 41/42 [00:13<00:00,  4.59it/s]
Reading test data: 100%|██████████| 42/42 [00:13<00:00,  3.98it/s]
Reading test data: 100%|██████████| 42/42 [00:13<00:00,  3.00it/s]

Extracting features:   0%|          | 0/41 [00:00<?, ?it/s]
Extracting features:   2%|▏         | 1/41 [00:05<03:40,  5.51s/it]
Extracting features: 100%|██████████| 41/41 [00:05<00:00,  7.41it/s]

Extracting features:   0%|          | 0/42 [00:00<?, ?it/s]
Extracting features: 100%|██████████| 42/42 [00:00<00:00, 1312.14it/s]
