
Reading train data:   0%|          | 0/41 [00:00<?, ?it/s]
Reading train data:   2%|▏         | 1/41 [00:00<00:28,  1.40it/s]
Reading train data:   5%|▍         | 2/41 [00:01<00:33,  1.18it/s]
Reading train data:   7%|▋         | 3/41 [00:01<00:23,  1.64it/s]
Reading train data:  10%|▉         | 4/41 [00:02<00:17,  2.10it/s]
Reading train data:  12%|█▏        | 5/41 [00:02<00:14,  2.53it/s]
Reading train data:  15%|█▍        | 6/41 [00:02<00:13,  2.54it/s]
Reading train data:  17%|█▋        | 7/41 [00:03<00:12,  2.83it/s]
Reading train data:  20%|█▉        | 8/41 [00:03<00:10,  3.13it/s]
Reading train data:  22%|██▏       | 9/41 [00:03<00:08,  3.66it/s]
Reading train data:  24%|██▍       | 10/41 [00:04<00:10,  2.96it/s]
Reading train data:  27%|██▋       | 11/41 [00:04<00:09,  3.12it/s]
Reading train data:  29%|██▉       | 12/41 [00:04<00:08,  3.27it/s]
Reading train data:  32%|███▏      | 13/41 [00:04<00:07,  3.56it/s]
Reading train data:  34%|███▍      | 14/41 [00:05<00:08,  3.21it/s]
Reading train data:  37%|███▋      | 15/41 [00:05<00:07,  3.42it/s]
Reading train data:  39%|███▉      | 16/41 [00:05<00:06,  3.67it/s]
Reading train data:  41%|████▏     | 17/41 [00:05<00:05,  4.02it/s]
Reading train data:  44%|████▍     | 18/41 [00:06<00:06,  3.74it/s]
Reading train data:  46%|████▋     | 19/41 [00:06<00:06,  3.37it/s]
Reading train data:  49%|████▉     | 20/41 [00:06<00:05,  3.80it/s]
Reading train data:  51%|█████     | 21/41 [00:06<00:04,  4.45it/s]
Reading train data:  54%|█████▎    | 22/41 [00:07<00:03,  4.77it/s]
Reading train data:  56%|█████▌    | 23/41 [00:07<00:03,  4.98it/s]
Reading train data:  59%|█████▊    | 24/41 [00:07<00:03,  4.68it/s]
Reading train data:  61%|██████    | 25/41 [00:07<00:03,  4.04it/s]
Reading train data:  63%|██████▎   | 26/41 [00:08<00:03,  4.24it/s]
Reading train data:  66%|██████▌   | 27/41 [00:08<00:03,  4.47it/s]
Reading train data:  68%|██████▊   | 28/41 [00:08<00:02,  4.65it/s]
Reading train data:  71%|███████   | 29/41 [00:08<00:02,  4.81it/s]
Reading train data:  73%|███████▎  | 30/41 [00:08<00:02,  4.78it/s]
Reading train data:  76%|███████▌  | 31/41 [00:09<00:02,  4.16it/s]
Reading train data:  78%|███████▊  | 32/41 [00:09<00:02,  4.49it/s]
Reading train data:  80%|████████  | 33/41 [00:09<00:01,  4.55it/s]
Reading train data:  83%|████████▎ | 34/41 [00:09<00:01,  4.78it/s]
Reading train data:  85%|████████▌ | 35/41 [00:09<00:01,  4.89it/s]
Reading train data:  88%|████████▊ | 36/41 [00:10<00:01,  4.25it/s]
Reading train data:  90%|█████████ | 37/41 [00:10<00:00,  4.54it/s]
Reading train data:  93%|█████████▎| 38/41 [00:10<00:00,  4.85it/s]
Reading train data:  95%|█████████▌| 39/41 [00:10<00:00,  4.97it/s]
Reading train data:  98%|█████████▊| 40/41 [00:10<00:00,  5.05it/s]
Reading train data: 100%|██████████| 41/41 [00:11<00:00,  5.10it/s]
Reading train data: 100%|██████████| 41/41 [00:11<00:00,  3.68it/s]

Reading test data:   0%|          | 0/42 [00:00<?, ?it/s]
Reading test data:   2%|▏         | 1/42 [00:00<00:32,  1.24it/s]
Reading test data:   5%|▍         | 2/42 [00:01<00:29,  1.34it/s]
Reading test data:   7%|▋         | 3/42 [00:02<00:26,  1.45it/s]
Reading test data:  10%|▉         | 4/42 [00:02<00:18,  2.02it/s]
Reading test data:  12%|█▏        | 5/42 [00:02<00:16,  2.29it/s]
Reading test data:  14%|█▍        | 6/42 [00:03<00:15,  2.37it/s]
Reading test data:  17%|█▋        | 7/42 [00:03<00:13,  2.69it/s]
Reading test data:  19%|█▉        | 8/42 [00:03<00:11,  3.02it/s]
Reading test data:  21%|██▏       | 9/42 [00:03<00:09,  3.61it/s]
Reading test data:  24%|██▍       | 10/42 [00:04<00:09,  3.44it/s]
Reading test data:  26%|██▌       | 11/42 [00:06<00:33,  1.07s/it]
Reading test data:  29%|██▊       | 12/42 [00:07<00:24,  1.21it/s]
Reading test data:  31%|███       | 13/42 [00:07<00:19,  1.51it/s]
Reading test data:  33%|███▎      | 14/42 [00:07<00:15,  1.83it/s]
Reading test data:  36%|███▌      | 15/42 [00:08<00:13,  1.99it/s]
Reading test data:  38%|███▊      | 16/42 [00:08<00:10,  2.37it/s]
Reading test data:  40%|████      | 17/42 [00:08<00:08,  2.79it/s]
Reading test data:  43%|████▎     | 18/42 [00:08<00:07,  3.23it/s]
Reading test data:  45%|████▌     | 19/42 [00:09<00:08,  2.76it/s]
Reading test data:  48%|████▊     | 20/42 [00:09<00:06,  3.18it/s]
Reading test data:  50%|█████     | 21/42 [00:09<00:05,  3.66it/s]
Reading test data:  52%|█████▏    | 22/42 [00:09<00:04,  4.16it/s]
Reading test data:  55%|█████▍    | 23/42 [00:09<00:04,  4.44it/s]
Reading test data:  57%|█████▋    | 24/42 [00:10<00:04,  4.39it/s]
Reading test data:  60%|█████▉    | 25/42 [00:10<00:04,  3.75it/s]
Reading test data:  62%|██████▏   | 26/42 [00:10<00:03,  4.12it/s]
Reading test data:  64%|██████▍   | 27/42 [00:10<00:03,  4.28it/s]
Reading test data:  67%|██████▋   | 28/42 [00:11<00:03,  4.41it/s]
Reading test data:  69%|██████▉   | 29/42 [00:11<00:02,  4.47it/s]
Reading test data:  71%|███████▏  | 30/42 [00:11<00:02,  4.64it/s]
Reading test data:  74%|███████▍  | 31/42 [00:11<00:02,  3.84it/s]
Reading test data:  76%|███████▌  | 32/42 [00:12<00:02,  4.05it/s]
Reading test data:  79%|███████▊  | 33/42 [00:12<00:02,  4.30it/s]
Reading test data:  81%|████████  | 34/42 [00:12<00:01,  4.44it/s]
Reading test data:  83%|████████▎ | 35/42 [00:12<00:01,  4.60it/s]
Reading test data:  86%|████████▌ | 36/42 [00:12<00:01,  4.57it/s]
Reading test data:  88%|████████▊ | 37/42 [00:13<00:01,  3.84it/s]
Reading test data:  90%|█████████ | 38/42 [00:13<00:00,  4.02it/s]
Reading test data:  93%|█████████▎| 39/42 [00:13<00:00,  4.22it/s]
Reading test data:  95%|█████████▌| 40/42 [00:13<00:00,  4.38it/s]
Reading test data:  98%|█████████▊| 41/42 [00:14<00:00,  4.55it/s]
Reading test data: 100%|██████████| 42/42 [00:14<00:00,  3.93it/s]
Reading test data: 100%|██████████| 42/42 [00:14<00:00,  2.89it/s]

Extracting features:   0%|          | 0/41 [00:00<?, ?it/s]
Extracting features:   2%|▏         | 1/41 [00:05<03:48,  5.71s/it]
Extracting features: 100%|██████████| 41/41 [00:05<00:00,  7.15it/s]

Extracting features:   0%|          | 0/42 [00:00<?, ?it/s]
Extracting features: 100%|██████████| 42/42 [00:00<00:00, 1339.64it/s]
