
Reading train data:   0%|          | 0/41 [00:00<?, ?it/s]
Reading train data:   2%|▏         | 1/41 [00:00<00:29,  1.38it/s]
Reading train data:   5%|▍         | 2/41 [00:01<00:33,  1.16it/s]
Reading train data:   7%|▋         | 3/41 [00:02<00:23,  1.61it/s]
Reading train data:  10%|▉         | 4/41 [00:02<00:18,  2.05it/s]
Reading train data:  12%|█▏        | 5/41 [00:02<00:14,  2.47it/s]
Reading train data:  15%|█▍        | 6/41 [00:02<00:14,  2.46it/s]
Reading train data:  17%|█▋        | 7/41 [00:03<00:12,  2.76it/s]
Reading train data:  20%|█▉        | 8/41 [00:03<00:10,  3.06it/s]
Reading train data:  22%|██▏       | 9/41 [00:03<00:08,  3.59it/s]
Reading train data:  24%|██▍       | 10/41 [00:04<00:10,  2.95it/s]
Reading train data:  27%|██▋       | 11/41 [00:04<00:09,  3.09it/s]
Reading train data:  29%|██▉       | 12/41 [00:04<00:09,  3.16it/s]
Reading train data:  32%|███▏      | 13/41 [00:04<00:08,  3.44it/s]
Reading train data:  34%|███▍      | 14/41 [00:05<00:08,  3.13it/s]
Reading train data:  37%|███▋      | 15/41 [00:05<00:07,  3.36it/s]
Reading train data:  39%|███▉      | 16/41 [00:05<00:06,  3.62it/s]
Reading train data:  41%|████▏     | 17/41 [00:06<00:06,  3.98it/s]
Reading train data:  44%|████▍     | 18/41 [00:06<00:06,  3.67it/s]
Reading train data:  46%|████▋     | 19/41 [00:06<00:06,  3.27it/s]
Reading train data:  49%|████▉     | 20/41 [00:06<00:05,  3.71it/s]
Reading train data:  51%|█████     | 21/41 [00:07<00:04,  4.37it/s]
Reading train data:  54%|█████▎    | 22/41 [00:07<00:04,  4.63it/s]
Reading train data:  56%|█████▌    | 23/41 [00:07<00:03,  4.82it/s]
Reading train data:  59%|█████▊    | 24/41 [00:07<00:03,  4.59it/s]
Reading train data:  61%|██████    | 25/41 [00:07<00:04,  3.95it/s]
Reading train data:  63%|██████▎   | 26/41 [00:08<00:03,  4.16it/s]
Reading train data:  66%|██████▌   | 27/41 [00:08<00:03,  4.37it/s]
Reading train data:  68%|██████▊   | 28/41 [00:08<00:02,  4.55it/s]
Reading train data:  71%|███████   | 29/41 [00:08<00:02,  4.70it/s]
Reading train data:  73%|███████▎  | 30/41 [00:09<00:02,  4.68it/s]
Reading train data:  76%|███████▌  | 31/41 [00:09<00:02,  4.04it/s]
Reading train data:  78%|███████▊  | 32/41 [00:09<00:02,  4.37it/s]
Reading train data:  80%|████████  | 33/41 [00:09<00:01,  4.58it/s]
Reading train data:  83%|████████▎ | 34/41 [00:09<00:01,  4.78it/s]
Reading train data:  85%|████████▌ | 35/41 [00:10<00:01,  4.84it/s]
Reading train data:  88%|████████▊ | 36/41 [00:10<00:01,  4.18it/s]
Reading train data:  90%|█████████ | 37/41 [00:10<00:00,  4.48it/s]
Reading train data:  93%|█████████▎| 38/41 [00:10<00:00,  4.78it/s]
Reading train data:  95%|█████████▌| 39/41 [00:10<00:00,  4.92it/s]
Reading train data:  98%|█████████▊| 40/41 [00:11<00:00,  5.02it/s]
Reading train data: 100%|██████████| 41/41 [00:11<00:00,  5.08it/s]
Reading train data: 100%|██████████| 41/41 [00:11<00:00,  3.61it/s]

Reading test data:   0%|          | 0/43 [00:00<?, ?it/s]
Reading test data:   2%|▏         | 1/43 [00:00<00:34,  1.23it/s]
Reading test data:   5%|▍         | 2/43 [00:01<00:30,  1.33it/s]
Reading test data:   7%|▋         | 3/43 [00:02<00:27,  1.44it/s]
Reading test data:   9%|▉         | 4/43 [00:02<00:19,  2.00it/s]
Reading test data:  12%|█▏        | 5/43 [00:02<00:16,  2.28it/s]
Reading test data:  14%|█▍        | 6/43 [00:03<00:15,  2.36it/s]
Reading test data:  16%|█▋        | 7/43 [00:03<00:13,  2.63it/s]
Reading test data:  19%|█▊        | 8/43 [00:03<00:11,  2.96it/s]
Reading test data:  21%|██        | 9/43 [00:03<00:09,  3.54it/s]
Reading test data:  23%|██▎       | 10/43 [00:04<00:09,  3.41it/s]
Reading test data:  26%|██▌       | 11/43 [00:06<00:31,  1.00it/s]
Reading test data:  28%|██▊       | 12/43 [00:06<00:24,  1.29it/s]
Reading test data:  30%|███       | 13/43 [00:07<00:18,  1.60it/s]
Reading test data:  33%|███▎      | 14/43 [00:07<00:15,  1.92it/s]
Reading test data:  35%|███▍      | 15/43 [00:07<00:13,  2.07it/s]
Reading test data:  37%|███▋      | 16/43 [00:08<00:10,  2.47it/s]
Reading test data:  40%|███▉      | 17/43 [00:08<00:08,  2.89it/s]
Reading test data:  42%|████▏     | 18/43 [00:08<00:07,  3.33it/s]
Reading test data:  44%|████▍     | 19/43 [00:09<00:08,  2.82it/s]
Reading test data:  47%|████▋     | 20/43 [00:09<00:07,  3.22it/s]
Reading test data:  49%|████▉     | 21/43 [00:09<00:05,  3.68it/s]
Reading test data:  53%|█████▎    | 23/43 [00:09<00:04,  5.00it/s]
Reading test data:  56%|█████▌    | 24/43 [00:09<00:03,  5.07it/s]
Reading test data:  58%|█████▊    | 25/43 [00:10<00:03,  4.87it/s]
Reading test data:  60%|██████    | 26/43 [00:10<00:04,  4.06it/s]
Reading test data:  63%|██████▎   | 27/43 [00:10<00:03,  4.31it/s]
Reading test data:  65%|██████▌   | 28/43 [00:10<00:03,  4.37it/s]
Reading test data:  67%|██████▋   | 29/43 [00:11<00:03,  4.49it/s]
Reading test data:  70%|██████▉   | 30/43 [00:11<00:02,  4.53it/s]
Reading test data:  72%|███████▏  | 31/43 [00:11<00:02,  4.68it/s]
Reading test data:  74%|███████▍  | 32/43 [00:11<00:02,  4.00it/s]
Reading test data:  77%|███████▋  | 33/43 [00:11<00:02,  4.18it/s]
Reading test data:  79%|███████▉  | 34/43 [00:12<00:02,  4.36it/s]
Reading test data:  81%|████████▏ | 35/43 [00:12<00:01,  4.40it/s]
Reading test data:  84%|████████▎ | 36/43 [00:12<00:01,  4.55it/s]
Reading test data:  86%|████████▌ | 37/43 [00:12<00:01,  4.50it/s]
Reading test data:  88%|████████▊ | 38/43 [00:13<00:01,  3.78it/s]
Reading test data:  91%|█████████ | 39/43 [00:13<00:01,  3.94it/s]
Reading test data:  93%|█████████▎| 40/43 [00:13<00:00,  4.15it/s]
Reading test data:  95%|█████████▌| 41/43 [00:13<00:00,  4.32it/s]
Reading test data:  98%|█████████▊| 42/43 [00:14<00:00,  4.46it/s]
Reading test data: 100%|██████████| 43/43 [00:14<00:00,  3.20it/s]
Reading test data: 100%|██████████| 43/43 [00:14<00:00,  2.95it/s]

Extracting features:   0%|          | 0/41 [00:00<?, ?it/s]
Extracting features:   2%|▏         | 1/41 [00:05<03:49,  5.73s/it]
Extracting features: 100%|██████████| 41/41 [00:05<00:00,  7.14it/s]

Extracting features:   0%|          | 0/43 [00:00<?, ?it/s]
Extracting features: 100%|██████████| 43/43 [00:00<00:00, 2121.18it/s]
