
Reading train data:   0%|          | 0/41 [00:00<?, ?it/s]
Reading train data:   2%|▏         | 1/41 [00:00<00:10,  3.65it/s]
Reading train data:   5%|▍         | 2/41 [00:00<00:11,  3.51it/s]
Reading train data:   7%|▋         | 3/41 [00:00<00:10,  3.79it/s]
Reading train data:  10%|▉         | 4/41 [00:01<00:17,  2.17it/s]
Reading train data:  12%|█▏        | 5/41 [00:01<00:14,  2.54it/s]
Reading train data:  15%|█▍        | 6/41 [00:02<00:12,  2.89it/s]
Reading train data:  17%|█▋        | 7/41 [00:02<00:10,  3.16it/s]
Reading train data:  20%|█▉        | 8/41 [00:02<00:08,  3.75it/s]
Reading train data:  22%|██▏       | 9/41 [00:02<00:09,  3.46it/s]
Reading train data:  24%|██▍       | 10/41 [00:03<00:09,  3.33it/s]
Reading train data:  27%|██▋       | 11/41 [00:03<00:08,  3.41it/s]
Reading train data:  29%|██▉       | 12/41 [00:03<00:08,  3.45it/s]
Reading train data:  32%|███▏      | 13/41 [00:04<00:09,  2.99it/s]
Reading train data:  34%|███▍      | 14/41 [00:04<00:08,  3.16it/s]
Reading train data:  37%|███▋      | 15/41 [00:04<00:08,  3.24it/s]
Reading train data:  39%|███▉      | 16/41 [00:05<00:09,  2.76it/s]
Reading train data:  41%|████▏     | 17/41 [00:05<00:08,  2.69it/s]
Reading train data:  44%|████▍     | 18/41 [00:05<00:07,  2.90it/s]
Reading train data:  46%|████▋     | 19/41 [00:06<00:08,  2.47it/s]
Reading train data:  49%|████▉     | 20/41 [00:06<00:09,  2.28it/s]
Reading train data:  51%|█████     | 21/41 [00:07<00:06,  2.87it/s]
Reading train data:  56%|█████▌    | 23/41 [00:07<00:04,  4.03it/s]
Reading train data:  59%|█████▊    | 24/41 [00:07<00:04,  4.14it/s]
Reading train data:  61%|██████    | 25/41 [00:07<00:03,  4.30it/s]
Reading train data:  63%|██████▎   | 26/41 [00:08<00:03,  3.82it/s]
Reading train data:  66%|██████▌   | 27/41 [00:08<00:03,  4.17it/s]
Reading train data:  68%|██████▊   | 28/41 [00:08<00:02,  4.41it/s]
Reading train data:  71%|███████   | 29/41 [00:08<00:02,  4.44it/s]
Reading train data:  73%|███████▎  | 30/41 [00:08<00:02,  4.63it/s]
Reading train data:  76%|███████▌  | 31/41 [00:09<00:02,  4.74it/s]
Reading train data:  78%|███████▊  | 32/41 [00:09<00:02,  3.96it/s]
Reading train data:  80%|████████  | 33/41 [00:09<00:01,  4.23it/s]
Reading train data:  83%|████████▎ | 34/41 [00:09<00:01,  4.59it/s]
Reading train data:  85%|████████▌ | 35/41 [00:10<00:01,  4.80it/s]
Reading train data:  88%|████████▊ | 36/41 [00:10<00:00,  5.04it/s]
Reading train data:  90%|█████████ | 37/41 [00:10<00:00,  5.08it/s]
Reading train data:  93%|█████████▎| 38/41 [00:10<00:00,  4.14it/s]
Reading train data:  95%|█████████▌| 39/41 [00:10<00:00,  4.41it/s]
Reading train data:  98%|█████████▊| 40/41 [00:11<00:00,  4.62it/s]
Reading train data: 100%|██████████| 41/41 [00:11<00:00,  4.42it/s]
Reading train data: 100%|██████████| 41/41 [00:11<00:00,  3.60it/s]

Reading test data:   0%|          | 0/43 [00:00<?, ?it/s]
Reading test data:   2%|▏         | 1/43 [00:00<00:31,  1.32it/s]
Reading test data:   5%|▍         | 2/43 [00:01<00:29,  1.39it/s]
Reading test data:   7%|▋         | 3/43 [00:02<00:32,  1.23it/s]
Reading test data:   9%|▉         | 4/43 [00:02<00:24,  1.62it/s]
Reading test data:  12%|█▏        | 5/43 [00:02<00:18,  2.09it/s]
Reading test data:  14%|█▍        | 6/43 [00:03<00:14,  2.53it/s]
Reading test data:  16%|█▋        | 7/43 [00:03<00:14,  2.57it/s]
Reading test data:  19%|█▊        | 8/43 [00:03<00:11,  2.95it/s]
Reading test data:  21%|██        | 9/43 [00:03<00:10,  3.29it/s]
Reading test data:  23%|██▎       | 10/43 [00:04<00:09,  3.65it/s]
Reading test data:  26%|██▌       | 11/43 [00:04<00:09,  3.48it/s]
Reading test data:  28%|██▊       | 12/43 [00:06<00:29,  1.06it/s]
Reading test data:  30%|███       | 13/43 [00:07<00:22,  1.32it/s]
Reading test data:  33%|███▎      | 14/43 [00:07<00:18,  1.59it/s]
Reading test data:  35%|███▍      | 15/43 [00:07<00:14,  1.98it/s]
Reading test data:  37%|███▋      | 16/43 [00:08<00:12,  2.20it/s]
Reading test data:  40%|███▉      | 17/43 [00:08<00:09,  2.68it/s]
Reading test data:  42%|████▏     | 18/43 [00:08<00:07,  3.19it/s]
Reading test data:  44%|████▍     | 19/43 [00:08<00:06,  3.58it/s]
Reading test data:  47%|████▋     | 20/43 [00:09<00:06,  3.60it/s]
Reading test data:  49%|████▉     | 21/43 [00:09<00:07,  2.99it/s]
Reading test data:  51%|█████     | 22/43 [00:09<00:06,  3.30it/s]
Reading test data:  53%|█████▎    | 23/43 [00:09<00:05,  3.70it/s]
Reading test data:  56%|█████▌    | 24/43 [00:10<00:04,  4.05it/s]
Reading test data:  58%|█████▊    | 25/43 [00:10<00:04,  4.22it/s]
Reading test data:  60%|██████    | 26/43 [00:10<00:04,  3.79it/s]
Reading test data:  63%|██████▎   | 27/43 [00:10<00:03,  4.03it/s]
Reading test data:  65%|██████▌   | 28/43 [00:11<00:03,  4.29it/s]
Reading test data:  67%|██████▋   | 29/43 [00:11<00:03,  4.57it/s]
Reading test data:  70%|██████▉   | 30/43 [00:11<00:02,  4.76it/s]
Reading test data:  72%|███████▏  | 31/43 [00:11<00:02,  4.71it/s]
Reading test data:  74%|███████▍  | 32/43 [00:11<00:02,  4.03it/s]
Reading test data:  77%|███████▋  | 33/43 [00:12<00:02,  4.24it/s]
Reading test data:  79%|███████▉  | 34/43 [00:12<00:02,  4.35it/s]
Reading test data:  81%|████████▏ | 35/43 [00:12<00:01,  4.50it/s]
Reading test data:  84%|████████▎ | 36/43 [00:12<00:01,  4.45it/s]
Reading test data:  86%|████████▌ | 37/43 [00:13<00:01,  4.62it/s]
Reading test data:  88%|████████▊ | 38/43 [00:13<00:01,  3.77it/s]
Reading test data:  91%|█████████ | 39/43 [00:13<00:01,  3.95it/s]
Reading test data:  93%|█████████▎| 40/43 [00:13<00:00,  4.18it/s]
Reading test data:  95%|█████████▌| 41/43 [00:14<00:00,  4.42it/s]
Reading test data:  98%|█████████▊| 42/43 [00:14<00:00,  3.83it/s]
Reading test data: 100%|██████████| 43/43 [00:14<00:00,  3.44it/s]
Reading test data: 100%|██████████| 43/43 [00:14<00:00,  2.92it/s]

Extracting features:   0%|          | 0/41 [00:00<?, ?it/s]
Extracting features:   2%|▏         | 1/41 [00:05<03:41,  5.53s/it]
Extracting features: 100%|██████████| 41/41 [00:05<00:00,  7.39it/s]

Extracting features:   0%|          | 0/43 [00:00<?, ?it/s]
Extracting features: 100%|██████████| 43/43 [00:00<00:00, 2079.72it/s]
