
Reading train data:   0%|          | 0/41 [00:00<?, ?it/s]
Reading train data:   2%|▏         | 1/41 [00:00<00:29,  1.38it/s]
Reading train data:   5%|▍         | 2/41 [00:01<00:33,  1.15it/s]
Reading train data:   7%|▋         | 3/41 [00:02<00:23,  1.59it/s]
Reading train data:  10%|▉         | 4/41 [00:02<00:18,  2.04it/s]
Reading train data:  12%|█▏        | 5/41 [00:02<00:14,  2.48it/s]
Reading train data:  15%|█▍        | 6/41 [00:02<00:13,  2.51it/s]
Reading train data:  17%|█▋        | 7/41 [00:03<00:12,  2.80it/s]
Reading train data:  20%|█▉        | 8/41 [00:03<00:10,  3.08it/s]
Reading train data:  22%|██▏       | 9/41 [00:03<00:08,  3.60it/s]
Reading train data:  24%|██▍       | 10/41 [00:04<00:10,  2.94it/s]
Reading train data:  27%|██▋       | 11/41 [00:04<00:09,  3.10it/s]
Reading train data:  29%|██▉       | 12/41 [00:04<00:08,  3.25it/s]
Reading train data:  32%|███▏      | 13/41 [00:04<00:07,  3.51it/s]
Reading train data:  34%|███▍      | 14/41 [00:05<00:08,  3.14it/s]
Reading train data:  37%|███▋      | 15/41 [00:05<00:07,  3.40it/s]
Reading train data:  39%|███▉      | 16/41 [00:05<00:06,  3.66it/s]
Reading train data:  41%|████▏     | 17/41 [00:05<00:05,  4.00it/s]
Reading train data:  44%|████▍     | 18/41 [00:06<00:06,  3.70it/s]
Reading train data:  46%|████▋     | 19/41 [00:06<00:06,  3.32it/s]
Reading train data:  49%|████▉     | 20/41 [00:06<00:05,  3.75it/s]
Reading train data:  51%|█████     | 21/41 [00:06<00:04,  4.38it/s]
Reading train data:  54%|█████▎    | 22/41 [00:07<00:04,  4.65it/s]
Reading train data:  56%|█████▌    | 23/41 [00:07<00:03,  4.81it/s]
Reading train data:  59%|█████▊    | 24/41 [00:07<00:03,  4.55it/s]
Reading train data:  61%|██████    | 25/41 [00:07<00:04,  3.96it/s]
Reading train data:  63%|██████▎   | 26/41 [00:08<00:03,  4.13it/s]
Reading train data:  66%|██████▌   | 27/41 [00:08<00:03,  4.34it/s]
Reading train data:  68%|██████▊   | 28/41 [00:08<00:02,  4.53it/s]
Reading train data:  71%|███████   | 29/41 [00:08<00:02,  4.69it/s]
Reading train data:  73%|███████▎  | 30/41 [00:08<00:02,  4.64it/s]
Reading train data:  76%|███████▌  | 31/41 [00:09<00:02,  4.00it/s]
Reading train data:  78%|███████▊  | 32/41 [00:09<00:02,  4.31it/s]
Reading train data:  80%|████████  | 33/41 [00:09<00:01,  4.53it/s]
Reading train data:  83%|████████▎ | 34/41 [00:09<00:01,  4.73it/s]
Reading train data:  85%|████████▌ | 35/41 [00:10<00:01,  4.78it/s]
Reading train data:  88%|████████▊ | 36/41 [00:10<00:00,  5.03it/s]
Reading train data:  90%|█████████ | 37/41 [00:10<00:00,  4.16it/s]
Reading train data:  93%|█████████▎| 38/41 [00:10<00:00,  4.54it/s]
Reading train data:  95%|█████████▌| 39/41 [00:10<00:00,  4.72it/s]
Reading train data:  98%|█████████▊| 40/41 [00:11<00:00,  4.85it/s]
Reading train data: 100%|██████████| 41/41 [00:11<00:00,  4.94it/s]
Reading train data: 100%|██████████| 41/41 [00:11<00:00,  3.61it/s]

Reading test data:   0%|          | 0/43 [00:00<?, ?it/s]
Reading test data:   2%|▏         | 1/43 [00:00<00:32,  1.29it/s]
Reading test data:   5%|▍         | 2/43 [00:01<00:30,  1.36it/s]
Reading test data:   7%|▋         | 3/43 [00:02<00:29,  1.38it/s]
Reading test data:   9%|▉         | 4/43 [00:02<00:20,  1.93it/s]
Reading test data:  12%|█▏        | 5/43 [00:02<00:17,  2.21it/s]
Reading test data:  14%|█▍        | 6/43 [00:03<00:15,  2.32it/s]
Reading test data:  16%|█▋        | 7/43 [00:03<00:13,  2.64it/s]
Reading test data:  19%|█▊        | 8/43 [00:03<00:11,  2.93it/s]
Reading test data:  21%|██        | 9/43 [00:03<00:09,  3.48it/s]
Reading test data:  23%|██▎       | 10/43 [00:04<00:10,  3.23it/s]
Reading test data:  26%|██▌       | 11/43 [00:07<00:34,  1.09s/it]
Reading test data:  28%|██▊       | 12/43 [00:07<00:26,  1.19it/s]
Reading test data:  30%|███       | 13/43 [00:07<00:20,  1.49it/s]
Reading test data:  33%|███▎      | 14/43 [00:07<00:16,  1.80it/s]
Reading test data:  35%|███▍      | 15/43 [00:08<00:14,  1.98it/s]
Reading test data:  37%|███▋      | 16/43 [00:08<00:11,  2.38it/s]
Reading test data:  40%|███▉      | 17/43 [00:08<00:09,  2.79it/s]
Reading test data:  42%|████▏     | 18/43 [00:08<00:07,  3.21it/s]
Reading test data:  44%|████▍     | 19/43 [00:09<00:08,  2.78it/s]
Reading test data:  47%|████▋     | 20/43 [00:09<00:07,  3.19it/s]
Reading test data:  49%|████▉     | 21/43 [00:09<00:06,  3.63it/s]
Reading test data:  53%|█████▎    | 23/43 [00:10<00:04,  4.86it/s]
Reading test data:  56%|█████▌    | 24/43 [00:10<00:03,  4.93it/s]
Reading test data:  58%|█████▊    | 25/43 [00:10<00:03,  4.73it/s]
Reading test data:  60%|██████    | 26/43 [00:10<00:04,  3.98it/s]
Reading test data:  63%|██████▎   | 27/43 [00:11<00:03,  4.20it/s]
Reading test data:  65%|██████▌   | 28/43 [00:11<00:03,  4.25it/s]
Reading test data:  67%|██████▋   | 29/43 [00:11<00:03,  4.32it/s]
Reading test data:  70%|██████▉   | 30/43 [00:11<00:02,  4.37it/s]
Reading test data:  72%|███████▏  | 31/43 [00:11<00:02,  4.51it/s]
Reading test data:  74%|███████▍  | 32/43 [00:12<00:02,  3.91it/s]
Reading test data:  77%|███████▋  | 33/43 [00:12<00:02,  4.08it/s]
Reading test data:  79%|███████▉  | 34/43 [00:12<00:02,  4.25it/s]
Reading test data:  81%|████████▏ | 35/43 [00:12<00:01,  4.32it/s]
Reading test data:  84%|████████▎ | 36/43 [00:13<00:01,  4.41it/s]
Reading test data:  86%|████████▌ | 37/43 [00:13<00:01,  4.37it/s]
Reading test data:  88%|████████▊ | 38/43 [00:13<00:01,  3.77it/s]
Reading test data:  91%|█████████ | 39/43 [00:13<00:01,  3.83it/s]
Reading test data:  93%|█████████▎| 40/43 [00:14<00:00,  3.97it/s]
Reading test data:  95%|█████████▌| 41/43 [00:14<00:00,  4.16it/s]
Reading test data:  98%|█████████▊| 42/43 [00:14<00:00,  4.35it/s]
Reading test data: 100%|██████████| 43/43 [00:15<00:00,  3.10it/s]
Reading test data: 100%|██████████| 43/43 [00:15<00:00,  2.84it/s]

Extracting features:   0%|          | 0/41 [00:00<?, ?it/s]
Extracting features:   2%|▏         | 1/41 [00:05<03:50,  5.75s/it]
Extracting features: 100%|██████████| 41/41 [00:05<00:00,  7.09it/s]

Extracting features:   0%|          | 0/43 [00:00<?, ?it/s]
Extracting features: 100%|██████████| 43/43 [00:00<00:00, 1328.60it/s]
