
Reading train data:   0%|          | 0/41 [00:00<?, ?it/s]
Reading train data:   2%|▏         | 1/41 [00:00<00:24,  1.65it/s]
Reading train data:   5%|▍         | 2/41 [00:01<00:25,  1.53it/s]
Reading train data:   7%|▋         | 3/41 [00:01<00:22,  1.71it/s]
Reading train data:  10%|▉         | 4/41 [00:03<00:35,  1.03it/s]
Reading train data:  12%|█▏        | 5/41 [00:03<00:30,  1.19it/s]
Reading train data:  15%|█▍        | 6/41 [00:04<00:26,  1.33it/s]
Reading train data:  17%|█▋        | 7/41 [00:05<00:23,  1.46it/s]
Reading train data:  20%|█▉        | 8/41 [00:05<00:19,  1.73it/s]
Reading train data:  22%|██▏       | 9/41 [00:06<00:19,  1.67it/s]
Reading train data:  24%|██▍       | 10/41 [00:06<00:19,  1.58it/s]
Reading train data:  27%|██▋       | 11/41 [00:07<00:18,  1.62it/s]
Reading train data:  29%|██▉       | 12/41 [00:07<00:16,  1.79it/s]
Reading train data:  32%|███▏      | 13/41 [00:08<00:15,  1.80it/s]
Reading train data:  34%|███▍      | 14/41 [00:08<00:14,  1.86it/s]
Reading train data:  37%|███▋      | 15/41 [00:09<00:14,  1.83it/s]
Reading train data:  39%|███▉      | 16/41 [00:10<00:15,  1.57it/s]
Reading train data:  41%|████▏     | 17/41 [00:10<00:13,  1.83it/s]
Reading train data:  44%|████▍     | 18/41 [00:11<00:11,  1.93it/s]
Reading train data:  46%|████▋     | 19/41 [00:11<00:12,  1.80it/s]
Reading train data:  49%|████▉     | 20/41 [00:12<00:11,  1.80it/s]
Reading train data:  51%|█████     | 21/41 [00:12<00:09,  2.20it/s]
Reading train data:  54%|█████▎    | 22/41 [00:12<00:06,  2.73it/s]
Reading train data:  56%|█████▌    | 23/41 [00:13<00:06,  2.63it/s]
Reading train data:  59%|█████▊    | 24/41 [00:13<00:07,  2.37it/s]
Reading train data:  61%|██████    | 25/41 [00:14<00:07,  2.21it/s]
Reading train data:  63%|██████▎   | 26/41 [00:14<00:07,  1.97it/s]
Reading train data:  66%|██████▌   | 27/41 [00:15<00:06,  2.04it/s]
Reading train data:  68%|██████▊   | 28/41 [00:15<00:06,  2.07it/s]
Reading train data:  71%|███████   | 29/41 [00:16<00:05,  2.02it/s]
Reading train data:  73%|███████▎  | 30/41 [00:16<00:05,  2.09it/s]
Reading train data:  76%|███████▌  | 31/41 [00:17<00:04,  2.12it/s]
Reading train data:  78%|███████▊  | 32/41 [00:17<00:04,  1.97it/s]
Reading train data:  80%|████████  | 33/41 [00:18<00:04,  1.99it/s]
Reading train data:  83%|████████▎ | 34/41 [00:18<00:03,  2.11it/s]
Reading train data:  85%|████████▌ | 35/41 [00:19<00:02,  2.15it/s]
Reading train data:  88%|████████▊ | 36/41 [00:19<00:02,  2.22it/s]
Reading train data:  90%|█████████ | 37/41 [00:19<00:01,  2.21it/s]
Reading train data:  93%|█████████▎| 38/41 [00:20<00:01,  2.01it/s]
Reading train data:  95%|█████████▌| 39/41 [00:20<00:00,  2.01it/s]
Reading train data:  98%|█████████▊| 40/41 [00:21<00:00,  2.06it/s]
Reading train data: 100%|██████████| 41/41 [00:22<00:00,  1.90it/s]
Reading train data: 100%|██████████| 41/41 [00:22<00:00,  1.86it/s]

Reading test data:   0%|          | 0/43 [00:00<?, ?it/s]
Reading test data:   2%|▏         | 1/43 [00:01<01:06,  1.57s/it]
Reading test data:   5%|▍         | 2/43 [00:03<01:05,  1.60s/it]
Reading test data:   7%|▋         | 3/43 [00:05<01:08,  1.72s/it]
Reading test data:   9%|▉         | 4/43 [00:05<00:47,  1.21s/it]
Reading test data:  12%|█▏        | 5/43 [00:05<00:32,  1.16it/s]
Reading test data:  14%|█▍        | 6/43 [00:06<00:25,  1.45it/s]
Reading test data:  16%|█▋        | 7/43 [00:06<00:20,  1.75it/s]
Reading test data:  19%|█▊        | 8/43 [00:06<00:16,  2.12it/s]
Reading test data:  21%|██        | 9/43 [00:06<00:13,  2.49it/s]
Reading test data:  23%|██▎       | 10/43 [00:07<00:11,  2.89it/s]
Reading test data:  26%|██▌       | 11/43 [00:09<00:33,  1.05s/it]
Reading test data:  28%|██▊       | 12/43 [00:10<00:25,  1.22it/s]
Reading test data:  30%|███       | 13/43 [00:10<00:20,  1.43it/s]
Reading test data:  33%|███▎      | 14/43 [00:10<00:17,  1.68it/s]
Reading test data:  35%|███▍      | 15/43 [00:11<00:14,  1.87it/s]
Reading test data:  37%|███▋      | 16/43 [00:11<00:11,  2.26it/s]
Reading test data:  40%|███▉      | 17/43 [00:11<00:09,  2.68it/s]
Reading test data:  42%|████▏     | 18/43 [00:11<00:07,  3.14it/s]
Reading test data:  44%|████▍     | 19/43 [00:12<00:06,  3.51it/s]
Reading test data:  47%|████▋     | 20/43 [00:12<00:06,  3.51it/s]
Reading test data:  49%|████▉     | 21/43 [00:12<00:07,  2.88it/s]
Reading test data:  51%|█████     | 22/43 [00:13<00:06,  3.14it/s]
Reading test data:  53%|█████▎    | 23/43 [00:13<00:05,  3.55it/s]
Reading test data:  56%|█████▌    | 24/43 [00:13<00:05,  3.74it/s]
Reading test data:  58%|█████▊    | 25/43 [00:13<00:04,  3.92it/s]
Reading test data:  60%|██████    | 26/43 [00:14<00:04,  3.62it/s]
Reading test data:  63%|██████▎   | 27/43 [00:14<00:04,  3.90it/s]
Reading test data:  65%|██████▌   | 28/43 [00:14<00:03,  4.20it/s]
Reading test data:  67%|██████▋   | 29/43 [00:14<00:03,  4.51it/s]
Reading test data:  70%|██████▉   | 30/43 [00:14<00:02,  4.74it/s]
Reading test data:  72%|███████▏  | 31/43 [00:15<00:02,  4.74it/s]
Reading test data:  74%|███████▍  | 32/43 [00:15<00:02,  4.14it/s]
Reading test data:  77%|███████▋  | 33/43 [00:15<00:02,  4.25it/s]
Reading test data:  79%|███████▉  | 34/43 [00:15<00:02,  4.40it/s]
Reading test data:  81%|████████▏ | 35/43 [00:16<00:01,  4.58it/s]
Reading test data:  84%|████████▎ | 36/43 [00:16<00:01,  4.55it/s]
Reading test data:  86%|████████▌ | 37/43 [00:16<00:01,  4.67it/s]
Reading test data:  88%|████████▊ | 38/43 [00:16<00:01,  3.83it/s]
Reading test data:  91%|█████████ | 39/43 [00:17<00:00,  4.07it/s]
Reading test data:  93%|█████████▎| 40/43 [00:17<00:00,  3.53it/s]
Reading test data:  95%|█████████▌| 41/43 [00:17<00:00,  2.97it/s]
Reading test data:  98%|█████████▊| 42/43 [00:18<00:00,  2.15it/s]
Reading test data: 100%|██████████| 43/43 [00:19<00:00,  1.95it/s]
Reading test data: 100%|██████████| 43/43 [00:19<00:00,  2.23it/s]

Extracting features:   0%|          | 0/41 [00:00<?, ?it/s]
Extracting features:   2%|▏         | 1/41 [00:05<03:41,  5.54s/it]
Extracting features: 100%|██████████| 41/41 [00:05<00:00,  7.37it/s]

Extracting features:   0%|          | 0/43 [00:00<?, ?it/s]
Extracting features: 100%|██████████| 43/43 [00:00<00:00, 1345.09it/s]
